// Jest Snapshot v1, https://goo.gl/fbAQLP

exports[`<App/> renders component 1`] = `
Array [
  <article
    className="sc-EHOje feRfPw"
  >
    <h1
      className="sc-bZQynM dXjnPZ"
    >
      React Appear In
    </h1>
    <h2
      className="sc-gzVnrw HXJFw"
    >
      Make react components appear sometime in the future
    </h2>
    <section
      className="sc-htoDjs hEquMq"
    >
      <ol
        className="sc-dnqmqq bRxHeL"
      >
        <li>
          Install
          <pre
            className="sc-iwsKbI hPlRLt"
          >
            npm install react-appear-in
          </pre>
        </li>
        <li>
          Use
          <pre
            className="sc-iwsKbI hPlRLt"
          >
            import AppearIn from 'react-appear-in';


const MyAwesomeComponent = () =&gt; (
    &lt;AppearIn minutes={1} seconds={20} milliseconds={10}&gt;
        Hello in 1 minute, 20 seconds and 10 milliseconds
    &lt;/AppearIn&gt;
);
                        
          </pre>
        </li>
      </ol>
    </section>
  </article>,
  <div
    className="sc-ifAKCX eDBCeg"
  >
    <div
      className="sc-htpNat cdFCkK"
    >
      <div
        className="sc-bdVaJa fgnpOk"
      />
    </div>
    <div
      className="sc-htpNat cdFCkK"
    >
      <div
        className="sc-bdVaJa fIDxMd"
      />
    </div>
    <div
      className="sc-htpNat cdFCkK"
    >
      <div
        className="sc-bdVaJa hJzwUV"
      />
    </div>
    <div
      className="sc-htpNat cdFCkK"
    >
      <div
        className="sc-bdVaJa jLwrYt"
      />
    </div>
    <div
      className="sc-htpNat cdFCkK"
    >
      <div
        className="sc-bdVaJa dpJpaH"
      />
    </div>
    <div
      className="sc-htpNat cdFCkK"
    >
      <div
        className="sc-bdVaJa jRyPRe"
      />
    </div>
    <div
      className="sc-htpNat cdFCkK"
    >
      <div
        className="sc-bdVaJa djdHFx"
      />
    </div>
    <div
      className="sc-htpNat cdFCkK"
    >
      <div
        className="sc-bdVaJa uEtSD"
      />
    </div>
    <div
      className="sc-htpNat cdFCkK"
    >
      <div
        className="sc-bdVaJa UDGmw"
      />
    </div>
    <div
      className="sc-htpNat cdFCkK"
    >
      <div
        className="sc-bdVaJa cdYJpq"
      />
    </div>
    <div
      className="sc-htpNat cdFCkK"
    >
      <div
        className="sc-bdVaJa kPZLHO"
      />
    </div>
    <div
      className="sc-htpNat cdFCkK"
    >
      <div
        className="sc-bdVaJa eFatVl"
      />
    </div>
    <div
      className="sc-htpNat cdFCkK"
    >
      <div
        className="sc-bdVaJa hFbScF"
      />
    </div>
    <div
      className="sc-htpNat cdFCkK"
    >
      <div
        className="sc-bdVaJa kzFHIT"
      />
    </div>
    <div
      className="sc-htpNat cdFCkK"
    >
      <div
        className="sc-bdVaJa bNbAgI"
      />
    </div>
    <div
      className="sc-htpNat cdFCkK"
    >
      <div
        className="sc-bdVaJa ldXXCr"
      />
    </div>
    <div
      className="sc-htpNat cdFCkK"
    >
      <div
        className="sc-bdVaJa gCNutr"
      />
    </div>
    <div
      className="sc-htpNat cdFCkK"
    >
      <div
        className="sc-bdVaJa gAPNxA"
      />
    </div>
    <div
      className="sc-htpNat cdFCkK"
    >
      <div
        className="sc-bdVaJa kkzhYo"
      />
    </div>
    <div
      className="sc-htpNat cdFCkK"
    >
      <div
        className="sc-bdVaJa eVAIxI"
      />
    </div>
    <div
      className="sc-htpNat cdFCkK"
    >
      <div
        className="sc-bdVaJa fZpNGB"
      />
    </div>
    <div
      className="sc-htpNat cdFCkK"
    >
      <div
        className="sc-bdVaJa icWrNj"
      />
    </div>
    <div
      className="sc-htpNat cdFCkK"
    >
      <div
        className="sc-bdVaJa fmBxhy"
      />
    </div>
    <div
      className="sc-htpNat cdFCkK"
    >
      <div
        className="sc-bdVaJa gjOrfs"
      />
    </div>
    <div
      className="sc-htpNat cdFCkK"
    >
      <div
        className="sc-bdVaJa iNStKI"
      />
    </div>
    <div
      className="sc-htpNat cdFCkK"
    >
      <div
        className="sc-bdVaJa hmyfJW"
      />
    </div>
    <div
      className="sc-htpNat cdFCkK"
    >
      <div
        className="sc-bdVaJa dtHWHJ"
      />
    </div>
    <div
      className="sc-htpNat cdFCkK"
    >
      <div
        className="sc-bdVaJa lepaVN"
      />
    </div>
    <div
      className="sc-htpNat cdFCkK"
    >
      <div
        className="sc-bdVaJa fzunlv"
      />
    </div>
    <div
      className="sc-htpNat cdFCkK"
    >
      <div
        className="sc-bdVaJa fSsKMi"
      />
    </div>
    <div
      className="sc-htpNat cdFCkK"
    >
      <div
        className="sc-bdVaJa afpMz"
      />
    </div>
    <div
      className="sc-htpNat cdFCkK"
    >
      <div
        className="sc-bdVaJa eZBHYW"
      />
    </div>
    <div
      className="sc-htpNat cdFCkK"
    >
      <div
        className="sc-bdVaJa jZiuGg"
      />
    </div>
    <div
      className="sc-htpNat cdFCkK"
    >
      <div
        className="sc-bdVaJa jopSJc"
      />
    </div>
    <div
      className="sc-htpNat cdFCkK"
    >
      <div
        className="sc-bdVaJa klYnEy"
      />
    </div>
    <div
      className="sc-htpNat cdFCkK"
    >
      <div
        className="sc-bdVaJa EOBpa"
      />
    </div>
    <div
      className="sc-htpNat cdFCkK"
    >
      <div
        className="sc-bdVaJa hBvSnW"
      />
    </div>
    <div
      className="sc-htpNat cdFCkK"
    >
      <div
        className="sc-bdVaJa dTNXWr"
      />
    </div>
    <div
      className="sc-htpNat cdFCkK"
    >
      <div
        className="sc-bdVaJa hHYfpa"
      />
    </div>
    <div
      className="sc-htpNat cdFCkK"
    >
      <div
        className="sc-bdVaJa cKPNMl"
      />
    </div>
    <div
      className="sc-htpNat cdFCkK"
    >
      <div
        className="sc-bdVaJa cpEJnz"
      />
    </div>
    <div
      className="sc-htpNat cdFCkK"
    >
      <div
        className="sc-bdVaJa gPlIta"
      />
    </div>
    <div
      className="sc-htpNat cdFCkK"
    >
      <div
        className="sc-bdVaJa hFbScF"
      />
    </div>
    <div
      className="sc-htpNat cdFCkK"
    >
      <div
        className="sc-bdVaJa jdjGgR"
      />
    </div>
    <div
      className="sc-htpNat cdFCkK"
    >
      <div
        className="sc-bdVaJa hKywnX"
      />
    </div>
    <div
      className="sc-htpNat cdFCkK"
    >
      <div
        className="sc-bdVaJa gHHVnP"
      />
    </div>
    <div
      className="sc-htpNat cdFCkK"
    >
      <div
        className="sc-bdVaJa hMXhHb"
      />
    </div>
    <div
      className="sc-htpNat cdFCkK"
    >
      <div
        className="sc-bdVaJa iLvcfR"
      />
    </div>
    <div
      className="sc-htpNat cdFCkK"
    >
      <div
        className="sc-bdVaJa Ynvj"
      />
    </div>
    <div
      className="sc-htpNat cdFCkK"
    >
      <div
        className="sc-bdVaJa daHluz"
      />
    </div>
    <div
      className="sc-htpNat cdFCkK"
    >
      <div
        className="sc-bdVaJa cnfGKi"
      />
    </div>
    <div
      className="sc-htpNat cdFCkK"
    >
      <div
        className="sc-bdVaJa hDxBPA"
      />
    </div>
    <div
      className="sc-htpNat cdFCkK"
    >
      <div
        className="sc-bdVaJa kCVTAu"
      />
    </div>
    <div
      className="sc-htpNat cdFCkK"
    >
      <div
        className="sc-bdVaJa hHBSXu"
      />
    </div>
    <div
      className="sc-htpNat cdFCkK"
    >
      <div
        className="sc-bdVaJa eLiHEV"
      />
    </div>
    <div
      className="sc-htpNat cdFCkK"
    >
      <div
        className="sc-bdVaJa izHSDI"
      />
    </div>
    <div
      className="sc-htpNat cdFCkK"
    >
      <div
        className="sc-bdVaJa huXWJH"
      />
    </div>
    <div
      className="sc-htpNat cdFCkK"
    >
      <div
        className="sc-bdVaJa bDASzM"
      />
    </div>
    <div
      className="sc-htpNat cdFCkK"
    >
      <div
        className="sc-bdVaJa digFWH"
      />
    </div>
    <div
      className="sc-htpNat cdFCkK"
    >
      <div
        className="sc-bdVaJa bKTYia"
      />
    </div>
    <div
      className="sc-htpNat cdFCkK"
    >
      <div
        className="sc-bdVaJa fzZPin"
      />
    </div>
    <div
      className="sc-htpNat cdFCkK"
    >
      <div
        className="sc-bdVaJa PwEIZ"
      />
    </div>
    <div
      className="sc-htpNat cdFCkK"
    >
      <div
        className="sc-bdVaJa gIyQd"
      />
    </div>
    <div
      className="sc-htpNat cdFCkK"
    >
      <div
        className="sc-bdVaJa cyVQxY"
      />
    </div>
    <div
      className="sc-htpNat cdFCkK"
    >
      <div
        className="sc-bdVaJa hlyXns"
      />
    </div>
    <div
      className="sc-htpNat cdFCkK"
    >
      <div
        className="sc-bdVaJa cxtZtm"
      />
    </div>
    <div
      className="sc-htpNat cdFCkK"
    >
      <div
        className="sc-bdVaJa jsGfIi"
      />
    </div>
    <div
      className="sc-htpNat cdFCkK"
    >
      <div
        className="sc-bdVaJa bGZVRB"
      />
    </div>
    <div
      className="sc-htpNat cdFCkK"
    >
      <div
        className="sc-bdVaJa gDuEcI"
      />
    </div>
    <div
      className="sc-htpNat cdFCkK"
    >
      <div
        className="sc-bdVaJa gMGjmG"
      />
    </div>
    <div
      className="sc-htpNat cdFCkK"
    >
      <div
        className="sc-bdVaJa gFWreP"
      />
    </div>
    <div
      className="sc-htpNat cdFCkK"
    >
      <div
        className="sc-bdVaJa gtOiDo"
      />
    </div>
    <div
      className="sc-htpNat cdFCkK"
    >
      <div
        className="sc-bdVaJa ehOmOO"
      />
    </div>
    <div
      className="sc-htpNat cdFCkK"
    >
      <div
        className="sc-bdVaJa jEEabi"
      />
    </div>
    <div
      className="sc-htpNat cdFCkK"
    >
      <div
        className="sc-bdVaJa hTHjeb"
      />
    </div>
    <div
      className="sc-htpNat cdFCkK"
    >
      <div
        className="sc-bdVaJa jDdbwY"
      />
    </div>
    <div
      className="sc-htpNat cdFCkK"
    >
      <div
        className="sc-bdVaJa hFbScF"
      />
    </div>
    <div
      className="sc-htpNat cdFCkK"
    >
      <div
        className="sc-bdVaJa gMbKDw"
      />
    </div>
    <div
      className="sc-htpNat cdFCkK"
    >
      <div
        className="sc-bdVaJa ifmHOP"
      />
    </div>
    <div
      className="sc-htpNat cdFCkK"
    >
      <div
        className="sc-bdVaJa fWZDlP"
      />
    </div>
    <div
      className="sc-htpNat cdFCkK"
    >
      <div
        className="sc-bdVaJa nSuEC"
      />
    </div>
    <div
      className="sc-htpNat cdFCkK"
    >
      <div
        className="sc-bdVaJa cBiMwx"
      />
    </div>
    <div
      className="sc-htpNat cdFCkK"
    >
      <div
        className="sc-bdVaJa efamPg"
      />
    </div>
    <div
      className="sc-htpNat cdFCkK"
    >
      <div
        className="sc-bdVaJa eaLfai"
      />
    </div>
    <div
      className="sc-htpNat cdFCkK"
    >
      <div
        className="sc-bdVaJa jAbpzz"
      />
    </div>
    <div
      className="sc-htpNat cdFCkK"
    >
      <div
        className="sc-bdVaJa bfGEHc"
      />
    </div>
    <div
      className="sc-htpNat cdFCkK"
    >
      <div
        className="sc-bdVaJa hqGtqa"
      />
    </div>
    <div
      className="sc-htpNat cdFCkK"
    >
      <div
        className="sc-bdVaJa eluZbI"
      />
    </div>
    <div
      className="sc-htpNat cdFCkK"
    >
      <div
        className="sc-bdVaJa jIuvCN"
      />
    </div>
    <div
      className="sc-htpNat cdFCkK"
    >
      <div
        className="sc-bdVaJa gZrorW"
      />
    </div>
    <div
      className="sc-htpNat cdFCkK"
    >
      <div
        className="sc-bdVaJa elWaTO"
      />
    </div>
    <div
      className="sc-htpNat cdFCkK"
    >
      <div
        className="sc-bdVaJa abagt"
      />
    </div>
    <div
      className="sc-htpNat cdFCkK"
    >
      <div
        className="sc-bdVaJa kfQXZp"
      />
    </div>
    <div
      className="sc-htpNat cdFCkK"
    >
      <div
        className="sc-bdVaJa dacOmu"
      />
    </div>
    <div
      className="sc-htpNat cdFCkK"
    >
      <div
        className="sc-bdVaJa bFaUhc"
      />
    </div>
    <div
      className="sc-htpNat cdFCkK"
    >
      <div
        className="sc-bdVaJa llcUhr"
      />
    </div>
    <div
      className="sc-htpNat cdFCkK"
    >
      <div
        className="sc-bdVaJa fhyAa"
      />
    </div>
    <div
      className="sc-htpNat cdFCkK"
    >
      <div
        className="sc-bdVaJa hGZOHI"
      />
    </div>
    <div
      className="sc-htpNat cdFCkK"
    >
      <div
        className="sc-bdVaJa ldYcfk"
      />
    </div>
    <div
      className="sc-htpNat cdFCkK"
    >
      <div
        className="sc-bdVaJa gmrHWT"
      />
    </div>
  </div>,
]
`;
