// Jest Snapshot v1, https://goo.gl/fbAQLP

exports[`<Cell/> renders component 1`] = `
<div
  className="sc-bwzfXH cWQFVt"
/>
`;
